[info] loading simpleclimate.esm metaparameters={"NX": 12, "NY": 7, "NZ": 7}
[info] loaded and lowered in 15.8 s
[info] integrating 0.00 days via the vectorized arrayop backend
[vec-obs] Bcum: vectorized, 15 us, 124 node visits
[vec-obs] coslat3: vectorized, 44 us, 14 node visits
[vec-obs] dB: vectorized, 11 us, 21 node visits
[vec-obs] dlat_deg: vectorized, 4 us, 0 node visits
[vec-obs] dlon_deg: vectorized, 0 us, 0 node visits
[vec-obs] fcor3: vectorized, 42 us, 17 node visits
[vec-obs] kappa: vectorized, 3 us, 0 node visits
[vec-obs] lnr_c: vectorized, 10 us, 20 node visits
[vec-obs] lnr_e: vectorized, 7 us, 22 node visits
[vec-obs] phie: vectorized, 11 us, 17 node visits
[vec-obs] sigma_c: vectorized, 4 us, 9 node visits
[vec-obs] sigma_e: vectorized, 4 us, 9 node visits
[vec-obs] tanlat3: vectorized, 47 us, 14 node visits
[vec-obs] coslat_e: vectorized, 19 us, 7 node visits
[vec-obs] dS_lat: vectorized, 9 us, 15 node visits
[vec-obs] dphi_lat: vectorized, 6 us, 9 node visits
[vec-obs] k_T: vectorized, 83 us, 32 node visits
[vec-obs] k_v: vectorized, 17 us, 12 node visits
[vec-obs] Mx: vectorized, 97 us, 21 node visits
[vec-obs] My: vectorized, 71 us, 9 node visits
[vec-obs] ps: vectorized, 18 us, 28 node visits
[vec-obs] theta: vectorized, 8 us, 5 node visits
[vec-obs] u: vectorized, 7 us, 5 node visits
[vec-obs] v: vectorized, 8 us, 5 node visits
[vec-obs] lnps3: vectorized, 12 us, 3 node visits
[vec-obs] p_full: vectorized, 18 us, 5 node visits
[vec-obs] advx_theta: vectorized, 29235 us, 72387 node visits
[vec-obs] advx_u: vectorized, 28803 us, 72387 node visits
[vec-obs] advx_v: vectorized, 28768 us, 72387 node visits
[vec-obs] advy_theta: vectorized, 34521 us, 74751 node visits
[vec-obs] advy_u: vectorized, 34112 us, 74751 node visits
[vec-obs] advy_v: vectorized, 34513 us, 74751 node visits
[vec-obs] conv_x: vectorized, 99 us, 34 node visits
[vec-obs] conv_y: vectorized, 86 us, 31 node visits
[vec-obs] div_h: vectorized, 11 us, 7 node visits
[vec-obs] dlnps_dlat: vectorized, 80 us, 23 node visits
[vec-obs] dlnps_dlon: vectorized, 76 us, 27 node visits
[vec-obs] dpsdt: vectorized, 20 us, 35 node visits
[vec-obs] exner: vectorized, 24 us, 6 node visits
[vec-obs] temp: vectorized, 16 us, 5 node visits
[vec-obs] Mz_conv: vectorized, 229 us, 42 node visits
[vec-obs] Phi_below: vectorized, 270 us, 0 node visits
[vec-obs] T_eq: vectorized, 139 us, 49 node visits
[vec-obs] Mz: vectorized, 21 us, 8 node visits
[vec-obs] Phi: vectorized, 15 us, 10 node visits
[vec-obs] advz_theta: vectorized, 52920 us, 74695 node visits
[vec-obs] advz_u: vectorized, 52405 us, 74695 node visits
[vec-obs] advz_v: vectorized, 51943 us, 74695 node visits
[vec-obs] dPhi_dlat: vectorized, 83 us, 23 node visits
[vec-obs] dPhi_dlon: vectorized, 92 us, 27 node visits
[vec-obs] divz_M: vectorized, 93 us, 10 node visits
[vec-obs] pgf_x: vectorized, 32 us, 17 node visits
[vec-obs] pgf_y: vectorized, 20 us, 14 node visits
[vec-obs] Mx: vectorized, 101 us, 148 node visits
[vec-obs] My: vectorized, 80 us, 9 node visits
[vec-obs] ps: vectorized, 17 us, 28 node visits
[vec-obs] theta: vectorized, 7 us, 5 node visits
[vec-obs] u: vectorized, 7 us, 5 node visits
[vec-obs] v: vectorized, 5 us, 5 node visits
[vec-obs] lnps3: vectorized, 10 us, 3 node visits
[vec-obs] p_full: vectorized, 9 us, 5 node visits
[vec-obs] advx_theta: vectorized, 29077 us, 72387 node visits
[vec-obs] advx_u: vectorized, 29104 us, 72387 node visits
[vec-obs] advx_v: vectorized, 29059 us, 72387 node visits
[vec-obs] advy_theta: vectorized, 35060 us, 74751 node visits
[vec-obs] advy_u: vectorized, 34764 us, 74751 node visits
[vec-obs] advy_v: vectorized, 34826 us, 74751 node visits
[vec-obs] conv_x: vectorized, 97 us, 34 node visits
[vec-obs] conv_y: vectorized, 88 us, 31 node visits
[vec-obs] div_h: vectorized, 12 us, 7 node visits
[vec-obs] dlnps_dlat: vectorized, 80 us, 23 node visits
[vec-obs] dlnps_dlon: vectorized, 78 us, 27 node visits
[vec-obs] dpsdt: vectorized, 20 us, 35 node visits
[vec-obs] exner: vectorized, 21 us, 6 node visits
[vec-obs] temp: vectorized, 8 us, 5 node visits
[vec-obs] Mz_conv: vectorized, 247 us, 42 node visits
[vec-obs] Phi_below: vectorized, 257 us, 0 node visits
[vec-obs] T_eq: vectorized, 138 us, 49 node visits
[vec-obs] Mz: vectorized, 15 us, 8 node visits
[vec-obs] Phi: vectorized, 14 us, 10 node visits
[vec-obs] advz_theta: vectorized, 53805 us, 74695 node visits
[vec-obs] advz_u: vectorized, 53415 us, 74695 node visits
[vec-obs] advz_v: vectorized, 53117 us, 74695 node visits
[vec-obs] dPhi_dlat: vectorized, 87 us, 23 node visits
[vec-obs] dPhi_dlon: vectorized, 78 us, 27 node visits
[vec-obs] divz_M: vectorized, 80 us, 10 node visits
[vec-obs] pgf_x: vectorized, 31 us, 17 node visits
[vec-obs] pgf_y: vectorized, 22 us, 14 node visits
error: simulate: DiffsolError { details: "ODE solver error: Stop time is at the current state time" }
